#-----------------------------------------------------------
# Vivado v2018.2 (64-bit)
# SW Build 2258646 on Thu Jun 14 20:03:12 MDT 2018
# IP Build 2256618 on Thu Jun 14 22:10:49 MDT 2018
# Start of session at: Tue Nov  6 12:31:19 2018
# Process ID: 8112
# Current directory: C:/Users/jsk/Downloads/matrix-multiplication-using-systolic-arrays/floatingPointMult
# Command line: vivado.exe -gui_launcher_event rodinguilauncherevent3744 C:\Users\jsk\Downloads\matrix-multiplication-using-systolic-arrays\floatingPointMult\floatingPointMult.xpr
# Log file: C:/Users/jsk/Downloads/matrix-multiplication-using-systolic-arrays/floatingPointMult/vivado.log
# Journal file: C:/Users/jsk/Downloads/matrix-multiplication-using-systolic-arrays/floatingPointMult\vivado.jou
#-----------------------------------------------------------
start_gui
open_project C:/Users/jsk/Downloads/matrix-multiplication-using-systolic-arrays/floatingPointMult/floatingPointMult.xpr
update_compile_order -fileset sources_1
reset_run impl_1 -prev_step 
launch_runs impl_1 -to_step write_bitstream -jobs 2
wait_on_run impl_1
open_hw
connect_hw_server
open_hw_target
current_hw_device [get_hw_devices xc7a35t_0]
refresh_hw_device -update_hw_probes false [lindex [get_hw_devices xc7a35t_0] 0]
