#-----------------------------------------------------------
# Vivado v2018.2 (64-bit)
# SW Build 2258646 on Thu Jun 14 20:03:12 MDT 2018
# IP Build 2256618 on Thu Jun 14 22:10:49 MDT 2018
# Start of session at: Tue Oct 30 23:11:39 2018
# Process ID: 1348
# Current directory: C:/Users/jsk/Desktop/matrix-multiplication-using-systolic-arrays/floatingPointMult
# Command line: vivado.exe -gui_launcher_event rodinguilauncherevent11240 C:\Users\jsk\Desktop\matrix-multiplication-using-systolic-arrays\floatingPointMult\floatingPointMult.xpr
# Log file: C:/Users/jsk/Desktop/matrix-multiplication-using-systolic-arrays/floatingPointMult/vivado.log
# Journal file: C:/Users/jsk/Desktop/matrix-multiplication-using-systolic-arrays/floatingPointMult\vivado.jou
#-----------------------------------------------------------
start_gui
open_project C:/Users/jsk/Desktop/matrix-multiplication-using-systolic-arrays/floatingPointMult/floatingPointMult.xpr
update_compile_order -fileset sources_1
close [ open C:/Users/jsk/Desktop/matrix-multiplication-using-systolic-arrays/floatingPointMult/floatingPointMult.srcs/sources_1/new/RCA.v w ]
add_files C:/Users/jsk/Desktop/matrix-multiplication-using-systolic-arrays/floatingPointMult/floatingPointMult.srcs/sources_1/new/RCA.v
update_compile_order -fileset sources_1
