#-----------------------------------------------------------
# Vivado v2018.2 (64-bit)
# SW Build 2258646 on Thu Jun 14 20:03:12 MDT 2018
# IP Build 2256618 on Thu Jun 14 22:10:49 MDT 2018
# Start of session at: Mon Nov  5 19:48:37 2018
# Process ID: 1240
# Current directory: C:/Users/jsk/matrix-multiplication-using-systolic-arrays/floatingPointMult
# Command line: vivado.exe -gui_launcher_event rodinguilauncherevent10308 C:\Users\jsk\matrix-multiplication-using-systolic-arrays\floatingPointMult\floatingPointMult.xpr
# Log file: C:/Users/jsk/matrix-multiplication-using-systolic-arrays/floatingPointMult/vivado.log
# Journal file: C:/Users/jsk/matrix-multiplication-using-systolic-arrays/floatingPointMult\vivado.jou
#-----------------------------------------------------------
start_gui
open_project C:/Users/jsk/matrix-multiplication-using-systolic-arrays/floatingPointMult/floatingPointMult.xpr
update_compile_order -fileset sources_1
set_property is_enabled false [get_files  C:/Users/jsk/matrix-multiplication-using-systolic-arrays/floatingPointMult/floatingPointMult.srcs/sources_1/new/RCA.v]
set_property is_enabled false [get_files  C:/Users/jsk/matrix-multiplication-using-systolic-arrays/Basys3_Master.xdc]
reset_run synth_1
launch_runs synth_1 -jobs 2
wait_on_run synth_1
launch_simulation
source floatingPntMult.tcl
add_force {/floatingPntMult/a} -radix bin {10111000 0ns}
add_force {/floatingPntMult/b} -radix bin {10110000 0ns}
add_force {/floatingPntMult/clk} -radix hex {1 0ns} {0 5000ps} -repeat_every 10000ps
run 10 us
add_force {/floatingPntMult/b} -radix bin {10000000 0ns}
run 10 us
add_force {/floatingPntMult/a} -radix bin {10100000 0ns}
add_force {/floatingPntMult/b} -radix bin {10110000 0ns}
run 10 us
add_force {/floatingPntMult/b} -radix bin {00110000 0ns}
add_force {/floatingPntMult/a} -radix bin {00100000 0ns}
run 10 us
