#-----------------------------------------------------------
# Webtalk v2018.2 (64-bit)
# SW Build 2258646 on Thu Jun 14 20:03:12 MDT 2018
# IP Build 2256618 on Thu Jun 14 22:10:49 MDT 2018
# Start of session at: Tue Oct 30 23:24:54 2018
# Process ID: 10724
# Current directory: C:/Users/jsk/Desktop/matrix-multiplication-using-systolic-arrays/floatingPointMult/floatingPointMult.sim/sim_1/behav/xsim
# Command line: wbtcv.exe -mode batch -source C:/Users/jsk/Desktop/matrix-multiplication-using-systolic-arrays/floatingPointMult/floatingPointMult.sim/sim_1/behav/xsim/xsim.dir/floatingPntMult_behav/webtalk/xsim_webtalk.tcl -notrace
# Log file: C:/Users/jsk/Desktop/matrix-multiplication-using-systolic-arrays/floatingPointMult/floatingPointMult.sim/sim_1/behav/xsim/webtalk.log
# Journal file: C:/Users/jsk/Desktop/matrix-multiplication-using-systolic-arrays/floatingPointMult/floatingPointMult.sim/sim_1/behav/xsim\webtalk.jou
#-----------------------------------------------------------
source C:/Users/jsk/Desktop/matrix-multiplication-using-systolic-arrays/floatingPointMult/floatingPointMult.sim/sim_1/behav/xsim/xsim.dir/floatingPntMult_behav/webtalk/xsim_webtalk.tcl -notrace
